   -----=====ZZZZZZZZ=====------   
    ffmpeg now makes a baby movie. 
   -----=====ZZZZZZZZ=====------   
Input #0, image2, from 'pic*.bmp':
  Duration: 00:00:00.40, start: 0.000000, bitrate: N/A
  Stream #0:0: Video: bmp, bgra, 3840x2160, 60 fps, 60 tbr, 60 tbn, 60 tbc
Stream mapping:
  Stream #0:0 -> #0:0 (bmp (native) -> h264 (libx264))
Press [q] to stop, [?] for help
[libx264 @ 0x5d0cf9686e40] using cpu capabilities: MMX2 SSE2Fast SSSE3 SSE4.2 AVX FMA3 BMI2 AVX2
[libx264 @ 0x5d0cf9686e40] profile High, level 5.2, 4:2:0, 8-bit
[libx264 @ 0x5d0cf9686e40] 264 - core 163 r3060 5db6aa6 - H.264/MPEG-4 AVC codec - Copyleft 2003-2021 - http://www.videolan.org/x264.html - options: cabac=1 ref=3 deblock=1:0:0 analyse=0x3:0x113 me=hex subme=7 psy=1 psy_rd=1.00:0.00 mixed_ref=1 me_range=16 chroma_me=1 trellis=1 8x8dct=1 cqm=0 deadzone=21,11 fast_pskip=1 chroma_qp_offset=-2 threads=12 lookahead_threads=2 sliced_threads=0 nr=0 decimate=1 interlaced=0 bluray_compat=0 constrained_intra=0 bframes=3 b_pyramid=2 b_adapt=1 b_bias=0 direct=1 weightb=1 open_gop=0 weightp=2 keyint=250 keyint_min=25 scenecut=40 intra_refresh=0 rc_lookahead=40 rc=crf mbtree=1 crf=25.0 qcomp=0.60 qpmin=0 qpmax=69 qpstep=4 ip_ratio=1.40 aq=1:1.00
Output #0, mov, to '/data/GIT/C-TAP/RESULTS-jobDS1FullDecimatedFRAME-May27-17-3556/DroneShort1FullDecimated.MOV':
  Metadata:
    encoder         : Lavf58.76.100
  Stream #0:0: Video: h264 (avc1 / 0x31637661), yuv420p(tv, progressive), 3840x2160, q=2-31, 60 fps, 15360 tbn
    Metadata:
      encoder         : Lavc58.134.100 libx264
    Side data:
      cpb: bitrate max/min/avg: 0/0/0 buffer size: 0 vbv_delay: N/A
frame=    1 fps=0.0 q=0.0 size=       0kB time=00:00:00.00 bitrate=N/A speed=N/A    frame=   10 fps=0.0 q=0.0 size=       0kB time=00:00:00.00 bitrate=N/A speed=   0x    frame=   21 fps= 20 q=0.0 size=       0kB time=00:00:00.00 bitrate=N/A speed=   0x    frame=   24 fps=8.3 q=-1.0 Lsize=     522kB time=00:00:00.35 bitrate=12224.2kbits/s speed=0.12x    
video:521kB audio:0kB subtitle:0kB other streams:0kB global headers:0kB muxing overhead: 0.203439%
[libx264 @ 0x5d0cf9686e40] frame I:1     Avg QP:26.57  size:194276
[libx264 @ 0x5d0cf9686e40] frame P:6     Avg QP:26.93  size: 37426
[libx264 @ 0x5d0cf9686e40] frame B:17    Avg QP:27.83  size:  6724
[libx264 @ 0x5d0cf9686e40] consecutive B-frames:  4.2%  0.0% 12.5% 83.3%
[libx264 @ 0x5d0cf9686e40] mb I  I16..4: 37.1% 55.0%  7.9%
[libx264 @ 0x5d0cf9686e40] mb P  I16..4:  5.2%  2.1%  0.1%  P16..4: 12.6%  1.6%  1.9%  0.0%  0.0%    skip:76.6%
[libx264 @ 0x5d0cf9686e40] mb B  I16..4:  0.1%  0.1%  0.0%  B16..8: 14.8%  0.1%  0.0%  direct: 0.2%  skip:84.6%  L0:35.8% L1:63.6% BI: 0.6%
[libx264 @ 0x5d0cf9686e40] 8x8 transform intra:46.6% inter:75.6%
[libx264 @ 0x5d0cf9686e40] coded y,uvDC,uvAC intra: 12.2% 17.3% 1.4% inter: 1.8% 2.4% 0.0%
[libx264 @ 0x5d0cf9686e40] i16 v,h,dc,p: 39% 30% 21% 10%
[libx264 @ 0x5d0cf9686e40] i8 v,h,dc,ddl,ddr,vr,hd,vl,hu: 24% 13% 58%  1%  1%  1%  1%  0%  1%
[libx264 @ 0x5d0cf9686e40] i4 v,h,dc,ddl,ddr,vr,hd,vl,hu: 25% 15% 22%  7%  7%  6%  7%  6%  6%
[libx264 @ 0x5d0cf9686e40] i8c dc,h,v,p: 75% 15% 10%  0%
[libx264 @ 0x5d0cf9686e40] Weighted P-Frames: Y:0.0% UV:0.0%
[libx264 @ 0x5d0cf9686e40] ref P L0: 59.8% 11.1% 21.2%  7.9%
[libx264 @ 0x5d0cf9686e40] ref B L0: 79.8% 15.1%  5.1%
[libx264 @ 0x5d0cf9686e40] ref B L1: 93.1%  6.9%
[libx264 @ 0x5d0cf9686e40] kb/s:10662.64
