Input #0, mov,mp4,m4a,3gp,3g2,mj2, from 'DroneShort1.mp4':
  Metadata:
    major_brand     : isom
    minor_version   : 512
    compatible_brands: isomiso2avc1mp41
    encoder         : Lavf58.76.100
  Duration: 00:02:00.12, start: 0.000000, bitrate: 8340 kb/s
  Stream #0:0(und): Video: h264 (High) (avc1 / 0x31637661), yuv420p, 3840x2160 [SAR 1:1 DAR 16:9], 8015 kb/s, 23.98 fps, 23.98 tbr, 24k tbn, 47.95 tbc (default)
    Metadata:
      handler_name    : VideoHandler
      vendor_id       : [0][0][0][0]
  Stream #0:1(und): Audio: mp3 (mp4a / 0x6134706D), 48000 Hz, stereo, fltp, 320 kb/s (default)
    Metadata:
      handler_name    : SoundHandler
      vendor_id       : [0][0][0][0]
Stream mapping:
  Stream #0:0 -> #0:0 (h264 (native) -> mjpeg (native))
Press [q] to stop, [?] for help
[swscaler @ 0x596aab131100] deprecated pixel format used, make sure you did set range correctly
Output #0, image2, to 'thumb%06d.jpeg':
  Metadata:
    major_brand     : isom
    minor_version   : 512
    compatible_brands: isomiso2avc1mp41
    encoder         : Lavf58.76.100
  Stream #0:0(und): Video: mjpeg, yuvj420p(pc, progressive), 1920x1080 [SAR 1:1 DAR 16:9], q=2-31, 200 kb/s, 19.18 fps, 19.18 tbn (default)
    Metadata:
      handler_name    : VideoHandler
      vendor_id       : [0][0][0][0]
      encoder         : Lavc58.134.100 mjpeg
    Side data:
      cpb: bitrate max/min/avg: 0/0/200000 buffer size: 0 vbv_delay: N/A
frame=    1 fps=0.0 q=7.5 size=N/A time=00:00:00.05 bitrate=N/A speed=0.252x    frame=    7 fps=0.0 q=10.9 size=N/A time=00:00:00.36 bitrate=N/A dup=0 drop=15 speed=0.512x    frame=   11 fps=9.1 q=22.6 size=N/A time=00:00:00.57 bitrate=N/A dup=0 drop=32 speed=0.472x    frame=   12 fps=8.2 q=24.8 Lsize=N/A time=00:00:00.62 bitrate=N/A dup=0 drop=40 speed=0.426x    
video:864kB audio:0kB subtitle:0kB other streams:0kB global headers:0kB muxing overhead: unknown
Exiting normally, received signal 2.
