   -----=====ZZZZZZZZ=====------   
    ffmpeg now makes a baby movie. 
   -----=====ZZZZZZZZ=====------   
Input #0, image2, from 'pic*.bmp':
  Duration: 00:00:02.73, start: 0.000000, bitrate: N/A
  Stream #0:0: Video: bmp, bgra, 1920x1080, 60 fps, 60 tbr, 60 tbn, 60 tbc
Stream mapping:
  Stream #0:0 -> #0:0 (bmp (native) -> h264 (libx264))
Press [q] to stop, [?] for help
[libx264 @ 0x57eb0e5911c0] using cpu capabilities: MMX2 SSE2Fast SSSE3 SSE4.2 AVX FMA3 BMI2 AVX2
[libx264 @ 0x57eb0e5911c0] profile High, level 4.2, 4:2:0, 8-bit
[libx264 @ 0x57eb0e5911c0] 264 - core 163 r3060 5db6aa6 - H.264/MPEG-4 AVC codec - Copyleft 2003-2021 - http://www.videolan.org/x264.html - options: cabac=1 ref=3 deblock=1:0:0 analyse=0x3:0x113 me=hex subme=7 psy=1 psy_rd=1.00:0.00 mixed_ref=1 me_range=16 chroma_me=1 trellis=1 8x8dct=1 cqm=0 deadzone=21,11 fast_pskip=1 chroma_qp_offset=-2 threads=12 lookahead_threads=2 sliced_threads=0 nr=0 decimate=1 interlaced=0 bluray_compat=0 constrained_intra=0 bframes=3 b_pyramid=2 b_adapt=1 b_bias=0 direct=1 weightb=1 open_gop=0 weightp=2 keyint=250 keyint_min=25 scenecut=40 intra_refresh=0 rc_lookahead=40 rc=crf mbtree=1 crf=25.0 qcomp=0.60 qpmin=0 qpmax=69 qpstep=4 ip_ratio=1.40 aq=1:1.00
Output #0, mov, to '/data/GIT/C-TAP/RESULTS-jobDS1HalfDecimatedFRAME-May27-17-3847/DroneShort1HalfDecimated.MOV':
  Metadata:
    encoder         : Lavf58.76.100
  Stream #0:0: Video: h264 (avc1 / 0x31637661), yuv420p(tv, progressive), 1920x1080, q=2-31, 60 fps, 15360 tbn
    Metadata:
      encoder         : Lavc58.134.100 libx264
    Side data:
      cpb: bitrate max/min/avg: 0/0/0 buffer size: 0 vbv_delay: N/A
frame=    1 fps=0.0 q=0.0 size=       0kB time=00:00:00.00 bitrate=N/A speed=N/A    frame=   34 fps=0.0 q=0.0 size=       0kB time=00:00:00.00 bitrate=N/A speed=   0x    frame=   56 fps= 55 q=0.0 size=       0kB time=00:00:00.00 bitrate=N/A speed=   0x    frame=   89 fps= 59 q=33.0 size=       0kB time=00:00:00.50 bitrate=   0.6kbits/s speed=0.329x    frame=  124 fps= 61 q=33.0 size=       0kB time=00:00:01.08 bitrate=   0.3kbits/s speed=0.536x    frame=  157 fps= 62 q=33.0 size=       0kB time=00:00:01.63 bitrate=   0.2kbits/s speed=0.646x    frame=  164 fps= 53 q=-1.0 Lsize=     309kB time=00:00:02.68 bitrate= 943.9kbits/s speed=0.873x    
video:306kB audio:0kB subtitle:0kB other streams:0kB global headers:0kB muxing overhead: 0.881668%
[libx264 @ 0x57eb0e5911c0] frame I:1     Avg QP:24.48  size: 66860
[libx264 @ 0x57eb0e5911c0] frame P:41    Avg QP:25.61  size:  3659
[libx264 @ 0x57eb0e5911c0] frame B:122   Avg QP:28.33  size:   789
[libx264 @ 0x57eb0e5911c0] consecutive B-frames:  0.6%  0.0%  1.8% 97.6%
[libx264 @ 0x57eb0e5911c0] mb I  I16..4: 45.8% 42.4% 11.9%
[libx264 @ 0x57eb0e5911c0] mb P  I16..4:  1.4%  0.1%  0.1%  P16..4: 10.4%  0.4%  1.4%  0.0%  0.0%    skip:86.2%
[libx264 @ 0x57eb0e5911c0] mb B  I16..4:  0.0%  0.0%  0.0%  B16..8:  9.9%  0.0%  0.0%  direct: 0.0%  skip:90.0%  L0:32.1% L1:67.8% BI: 0.0%
[libx264 @ 0x57eb0e5911c0] 8x8 transform intra:28.2% inter:75.3%
[libx264 @ 0x57eb0e5911c0] coded y,uvDC,uvAC intra: 12.3% 26.1% 4.8% inter: 0.5% 1.4% 0.0%
[libx264 @ 0x57eb0e5911c0] i16 v,h,dc,p:  3% 29%  6% 62%
[libx264 @ 0x57eb0e5911c0] i8 v,h,dc,ddl,ddr,vr,hd,vl,hu: 27% 13% 46%  1%  4%  2%  4%  1%  1%
[libx264 @ 0x57eb0e5911c0] i4 v,h,dc,ddl,ddr,vr,hd,vl,hu: 22% 13% 28%  7%  6%  6%  6%  6%  6%
[libx264 @ 0x57eb0e5911c0] i8c dc,h,v,p: 67% 22% 12%  0%
[libx264 @ 0x57eb0e5911c0] Weighted P-Frames: Y:0.0% UV:0.0%
[libx264 @ 0x57eb0e5911c0] ref P L0: 75.2%  7.4% 11.1%  6.2%
[libx264 @ 0x57eb0e5911c0] ref B L0: 85.6% 12.0%  2.3%
[libx264 @ 0x57eb0e5911c0] ref B L1: 95.8%  4.2%
[libx264 @ 0x57eb0e5911c0] kb/s:916.53
